%!Adobe-FontList 1.07

%BeginFont
Handler:DirectoryHandler
FontType:Invalid
OutlineFileName:H:\__SOFT_ARCHIV\__Fonts\__FOnt_Packages\Adobe Font Folio Fonts\Frutiger Condensed\Asxtbi_e.PFM
%EndFont

%BeginFont
Handler:DirectoryHandler
FontType:Invalid
OutlineFileName:H:\__SOFT_ARCHIV\__Fonts\__FOnt_Packages\Adobe Font Folio Fonts\Frutiger Condensed\Asxtb__e.PFM
%EndFont

%BeginFont
Handler:DirectoryHandler
FontType:Invalid
OutlineFileName:H:\__SOFT_ARCHIV\__Fonts\__FOnt_Packages\Adobe Font Folio Fonts\Frutiger Condensed\Asxti__e.PFM
%EndFont

%BeginFont
Handler:DirectoryHandler
FontType:Invalid
OutlineFileName:H:\__SOFT_ARCHIV\__Fonts\__FOnt_Packages\Adobe Font Folio Fonts\Frutiger Condensed\Asxt___e.PFM
%EndFont

%BeginFont
Handler:DirectoryHandler
FontType:Invalid
OutlineFileName:H:\__SOFT_ARCHIV\__Fonts\__FOnt_Packages\Adobe Font Folio Fonts\Frutiger Condensed\Audsbi_e.PFM
%EndFont

%BeginFont
Handler:DirectoryHandler
FontType:Invalid
OutlineFileName:H:\__SOFT_ARCHIV\__Fonts\__FOnt_Packages\Adobe Font Folio Fonts\Frutiger Condensed\Audsb__e.PFM
%EndFont

%BeginFont
Handler:DirectoryHandler
FontType:Invalid
OutlineFileName:H:\__SOFT_ARCHIV\__Fonts\__FOnt_Packages\Adobe Font Folio Fonts\Frutiger Condensed\Audsi__e.PFM
%EndFont

%BeginFont
Handler:DirectoryHandler
FontType:Invalid
OutlineFileName:H:\__SOFT_ARCHIV\__Fonts\__FOnt_Packages\Adobe Font Folio Fonts\Frutiger Condensed\Auds___e.PFM
%EndFont

%BeginFont
Handler:DirectoryHandler
FontType:Invalid
OutlineFileName:H:\__SOFT_ARCHIV\__Fonts\__FOnt_Packages\Adobe Font Folio Fonts\Frutiger Condensed\DCB_____.PFM
%EndFont

%BeginFont
Handler:DirectoryHandler
FontType:Invalid
OutlineFileName:H:\__SOFT_ARCHIV\__Fonts\__FOnt_Packages\Adobe Font Folio Fonts\Frutiger Condensed\DC______.PFM
%EndFont

%BeginFont
Handler:DirectoryHandler
FontType:Invalid
OutlineFileName:H:\__SOFT_ARCHIV\__Fonts\__FOnt_Packages\Adobe Font Folio Fonts\Frutiger Condensed\FTBC____.AFM
%EndFont

%BeginFont
Handler:DirectoryHandler
FontType:Invalid
OutlineFileName:H:\__SOFT_ARCHIV\__Fonts\__FOnt_Packages\Adobe Font Folio Fonts\Frutiger Condensed\FTBC____.INF
%EndFont

%BeginFont
Handler:DirectoryHandler
FontType:Type1
FontName:Frutiger-BoldCn
FamilyName:Frutiger
StyleName:67 Bold Condensed
FullName:Frutiger 67 Bold Condensed
WritingScript:Roman
OutlineFileName:H:\__SOFT_ARCHIV\__Fonts\__FOnt_Packages\Adobe Font Folio Fonts\Frutiger Condensed\FTBC____.PFB
DataFormat:Plain
UsesStandardEncoding:yes
isCFF:no
FileLength:28389
WeightClass:700
WidthClass:3
AngleClass:0
%EndFont

%BeginFont
Handler:DirectoryHandler
FontType:PFM
FontName:Frutiger-BoldCn
NumMMAxes:0
OutlineFileName:H:\__SOFT_ARCHIV\__Fonts\__FOnt_Packages\Adobe Font Folio Fonts\Frutiger Condensed\FTBC____.PFM
FileLength:1471
%EndFont

%BeginFont
Handler:DirectoryHandler
FontType:Invalid
OutlineFileName:H:\__SOFT_ARCHIV\__Fonts\__FOnt_Packages\Adobe Font Folio Fonts\Frutiger Condensed\FTBI____.PFM
%EndFont

%BeginFont
Handler:DirectoryHandler
FontType:Invalid
OutlineFileName:H:\__SOFT_ARCHIV\__Fonts\__FOnt_Packages\Adobe Font Folio Fonts\Frutiger Condensed\FTBLC___.AFM
%EndFont

%BeginFont
Handler:DirectoryHandler
FontType:Invalid
OutlineFileName:H:\__SOFT_ARCHIV\__Fonts\__FOnt_Packages\Adobe Font Folio Fonts\Frutiger Condensed\FTBLC___.INF
%EndFont

%BeginFont
Handler:DirectoryHandler
FontType:Type1
FontName:Frutiger-BlackCn
FamilyName:Frutiger
StyleName:77 Black Condensed
FullName:Frutiger 77 Black Condensed
WritingScript:Roman
OutlineFileName:H:\__SOFT_ARCHIV\__Fonts\__FOnt_Packages\Adobe Font Folio Fonts\Frutiger Condensed\FTBLC___.PFB
DataFormat:Plain
UsesStandardEncoding:yes
isCFF:no
FileLength:28805
WeightClass:900
WidthClass:3
AngleClass:0
%EndFont

%BeginFont
Handler:DirectoryHandler
FontType:PFM
FontName:Frutiger-BlackCn
NumMMAxes:0
OutlineFileName:H:\__SOFT_ARCHIV\__Fonts\__FOnt_Packages\Adobe Font Folio Fonts\Frutiger Condensed\FTBLC___.PFM
FileLength:1375
%EndFont

%BeginFont
Handler:DirectoryHandler
FontType:Invalid
OutlineFileName:H:\__SOFT_ARCHIV\__Fonts\__FOnt_Packages\Adobe Font Folio Fonts\Frutiger Condensed\FTBLI___.PFM
%EndFont

%BeginFont
Handler:DirectoryHandler
FontType:Invalid
OutlineFileName:H:\__SOFT_ARCHIV\__Fonts\__FOnt_Packages\Adobe Font Folio Fonts\Frutiger Condensed\FTBL____.PFM
%EndFont

%BeginFont
Handler:DirectoryHandler
FontType:Invalid
OutlineFileName:H:\__SOFT_ARCHIV\__Fonts\__FOnt_Packages\Adobe Font Folio Fonts\Frutiger Condensed\FTB_____.PFM
%EndFont

%BeginFont
Handler:DirectoryHandler
FontType:Invalid
OutlineFileName:H:\__SOFT_ARCHIV\__Fonts\__FOnt_Packages\Adobe Font Folio Fonts\Frutiger Condensed\FTC_____.AFM
%EndFont

%BeginFont
Handler:DirectoryHandler
FontType:Invalid
OutlineFileName:H:\__SOFT_ARCHIV\__Fonts\__FOnt_Packages\Adobe Font Folio Fonts\Frutiger Condensed\FTC_____.INF
%EndFont

%BeginFont
Handler:DirectoryHandler
FontType:Type1
FontName:Frutiger-Cn
FamilyName:Frutiger
StyleName:57 Condensed
FullName:Frutiger 57 Condensed
WritingScript:Roman
OutlineFileName:H:\__SOFT_ARCHIV\__Fonts\__FOnt_Packages\Adobe Font Folio Fonts\Frutiger Condensed\FTC_____.PFB
DataFormat:Plain
UsesStandardEncoding:yes
isCFF:no
FileLength:27381
WeightClass:400
WidthClass:3
AngleClass:0
%EndFont

%BeginFont
Handler:DirectoryHandler
FontType:PFM
FontName:Frutiger-Cn
NumMMAxes:0
OutlineFileName:H:\__SOFT_ARCHIV\__Fonts\__FOnt_Packages\Adobe Font Folio Fonts\Frutiger Condensed\FTC_____.PFM
FileLength:1366
%EndFont

%BeginFont
Handler:DirectoryHandler
FontType:Invalid
OutlineFileName:H:\__SOFT_ARCHIV\__Fonts\__FOnt_Packages\Adobe Font Folio Fonts\Frutiger Condensed\FTEBC___.AFM
%EndFont

%BeginFont
Handler:DirectoryHandler
FontType:Invalid
OutlineFileName:H:\__SOFT_ARCHIV\__Fonts\__FOnt_Packages\Adobe Font Folio Fonts\Frutiger Condensed\FTEBC___.INF
%EndFont

%BeginFont
Handler:DirectoryHandler
FontType:Type1
FontName:Frutiger-ExtraBlackCn
FamilyName:Frutiger
StyleName:87 Extra Black Condensed
FullName:Frutiger 87 Extra Black Condensed
WritingScript:Roman
OutlineFileName:H:\__SOFT_ARCHIV\__Fonts\__FOnt_Packages\Adobe Font Folio Fonts\Frutiger Condensed\FTEBC___.PFB
DataFormat:Plain
UsesStandardEncoding:yes
isCFF:no
FileLength:29276
WeightClass:950
WidthClass:3
AngleClass:0
%EndFont

%BeginFont
Handler:DirectoryHandler
FontType:PFM
FontName:Frutiger-ExtraBlackCn
NumMMAxes:0
OutlineFileName:H:\__SOFT_ARCHIV\__Fonts\__FOnt_Packages\Adobe Font Folio Fonts\Frutiger Condensed\FTEBC___.PFM
FileLength:1330
%EndFont

%BeginFont
Handler:DirectoryHandler
FontType:Invalid
OutlineFileName:H:\__SOFT_ARCHIV\__Fonts\__FOnt_Packages\Adobe Font Folio Fonts\Frutiger Condensed\FTI_____.PFM
%EndFont

%BeginFont
Handler:DirectoryHandler
FontType:Invalid
OutlineFileName:H:\__SOFT_ARCHIV\__Fonts\__FOnt_Packages\Adobe Font Folio Fonts\Frutiger Condensed\FTLC____.AFM
%EndFont

%BeginFont
Handler:DirectoryHandler
FontType:Invalid
OutlineFileName:H:\__SOFT_ARCHIV\__Fonts\__FOnt_Packages\Adobe Font Folio Fonts\Frutiger Condensed\FTLC____.INF
%EndFont

%BeginFont
Handler:DirectoryHandler
FontType:Type1
FontName:Frutiger-LightCn
FamilyName:Frutiger
StyleName:47 Light Condensed
FullName:Frutiger 47 Light Condensed
WritingScript:Roman
OutlineFileName:H:\__SOFT_ARCHIV\__Fonts\__FOnt_Packages\Adobe Font Folio Fonts\Frutiger Condensed\FTLC____.PFB
DataFormat:Plain
UsesStandardEncoding:yes
isCFF:no
FileLength:27651
WeightClass:300
WidthClass:3
AngleClass:0
%EndFont

%BeginFont
Handler:DirectoryHandler
FontType:PFM
FontName:Frutiger-LightCn
NumMMAxes:0
OutlineFileName:H:\__SOFT_ARCHIV\__Fonts\__FOnt_Packages\Adobe Font Folio Fonts\Frutiger Condensed\FTLC____.PFM
FileLength:1380
%EndFont

%BeginFont
Handler:DirectoryHandler
FontType:Invalid
OutlineFileName:H:\__SOFT_ARCHIV\__Fonts\__FOnt_Packages\Adobe Font Folio Fonts\Frutiger Condensed\FTLI____.PFM
%EndFont

%BeginFont
Handler:DirectoryHandler
FontType:Invalid
OutlineFileName:H:\__SOFT_ARCHIV\__Fonts\__FOnt_Packages\Adobe Font Folio Fonts\Frutiger Condensed\FTL_____.PFM
%EndFont

%BeginFont
Handler:DirectoryHandler
FontType:Invalid
OutlineFileName:H:\__SOFT_ARCHIV\__Fonts\__FOnt_Packages\Adobe Font Folio Fonts\Frutiger Condensed\FTR_____.PFM
%EndFont

%BeginFont
Handler:DirectoryHandler
FontType:Invalid
OutlineFileName:H:\__SOFT_ARCHIV\__Fonts\__FOnt_Packages\Adobe Font Folio Fonts\Frutiger Condensed\FTUBL___.PFM
%EndFont

%BeginFont
Handler:DirectoryHandler
FontType:Invalid
OutlineFileName:H:\__SOFT_ARCHIV\__Fonts\__FOnt_Packages\Adobe Font Folio Fonts\Frutiger Condensed\HIYU____.PFM
%EndFont

%BeginFont
Handler:DirectoryHandler
FontType:Invalid
OutlineFileName:H:\__SOFT_ARCHIV\__Fonts\__FOnt_Packages\Adobe Font Folio Fonts\Frutiger Condensed\LNC_____.PFM
%EndFont

%BeginFont
Handler:DirectoryHandler
FontType:Invalid
OutlineFileName:H:\__SOFT_ARCHIV\__Fonts\__FOnt_Packages\Adobe Font Folio Fonts\Frutiger Condensed\OX______.PFM
%EndFont

%BeginFont
Handler:DirectoryHandler
FontType:Invalid
OutlineFileName:H:\__SOFT_ARCHIV\__Fonts\__FOnt_Packages\Adobe Font Folio Fonts\Frutiger Condensed\RBB_____.PFM
%EndFont

%BeginFont
Handler:DirectoryHandler
FontType:Invalid
OutlineFileName:H:\__SOFT_ARCHIV\__Fonts\__FOnt_Packages\Adobe Font Folio Fonts\Frutiger Condensed\RBEB____.PFM
%EndFont

%BeginFont
Handler:DirectoryHandler
FontType:Invalid
OutlineFileName:H:\__SOFT_ARCHIV\__Fonts\__FOnt_Packages\Adobe Font Folio Fonts\Frutiger Condensed\RBI_____.PFM
%EndFont

%BeginFont
Handler:DirectoryHandler
FontType:Invalid
OutlineFileName:H:\__SOFT_ARCHIV\__Fonts\__FOnt_Packages\Adobe Font Folio Fonts\Frutiger Condensed\RBLI____.PFM
%EndFont

%BeginFont
Handler:DirectoryHandler
FontType:Invalid
OutlineFileName:H:\__SOFT_ARCHIV\__Fonts\__FOnt_Packages\Adobe Font Folio Fonts\Frutiger Condensed\RBL_____.PFM
%EndFont

%BeginFont
Handler:DirectoryHandler
FontType:Invalid
OutlineFileName:H:\__SOFT_ARCHIV\__Fonts\__FOnt_Packages\Adobe Font Folio Fonts\Frutiger Condensed\RB______.PFM
%EndFont

%BeginFont
Handler:DirectoryHandler
FontType:Invalid
OutlineFileName:H:\__SOFT_ARCHIV\__Fonts\__FOnt_Packages\Adobe Font Folio Fonts\Frutiger Condensed\README.TXT
%EndFont

%BeginFont
Handler:DirectoryHandler
FontType:Invalid
OutlineFileName:H:\__SOFT_ARCHIV\__Fonts\__FOnt_Packages\Adobe Font Folio Fonts\Frutiger Condensed\RIC_____.PFM
%EndFont

%BeginFont
Handler:DirectoryHandler
FontType:Invalid
OutlineFileName:H:\__SOFT_ARCHIV\__Fonts\__FOnt_Packages\Adobe Font Folio Fonts\Frutiger Condensed\XYALI___.PFM
%EndFont

%BeginFont
Handler:DirectoryHandler
FontType:Invalid
OutlineFileName:H:\__SOFT_ARCHIV\__Fonts\__FOnt_Packages\Adobe Font Folio Fonts\Frutiger Condensed\XYALT___.PFM
%EndFont

%BeginFont
Handler:DirectoryHandler
FontType:Invalid
OutlineFileName:H:\__SOFT_ARCHIV\__Fonts\__FOnt_Packages\Adobe Font Folio Fonts\Frutiger Condensed\XYIOS___.PFM
%EndFont

%BeginFont
Handler:DirectoryHandler
FontType:Invalid
OutlineFileName:H:\__SOFT_ARCHIV\__Fonts\__FOnt_Packages\Adobe Font Folio Fonts\Frutiger Condensed\XYIXP___.PFM
%EndFont

%BeginFont
Handler:DirectoryHandler
FontType:Invalid
OutlineFileName:H:\__SOFT_ARCHIV\__Fonts\__FOnt_Packages\Adobe Font Folio Fonts\Frutiger Condensed\XYI_____.PFM
%EndFont

%BeginFont
Handler:DirectoryHandler
FontType:Invalid
OutlineFileName:H:\__SOFT_ARCHIV\__Fonts\__FOnt_Packages\Adobe Font Folio Fonts\Frutiger Condensed\XYORN___.PFM
%EndFont

%BeginFont
Handler:DirectoryHandler
FontType:Invalid
OutlineFileName:H:\__SOFT_ARCHIV\__Fonts\__FOnt_Packages\Adobe Font Folio Fonts\Frutiger Condensed\XYRGX___.PFM
%EndFont

%BeginFont
Handler:DirectoryHandler
FontType:Invalid
OutlineFileName:H:\__SOFT_ARCHIV\__Fonts\__FOnt_Packages\Adobe Font Folio Fonts\Frutiger Condensed\XYRG____.PFM
%EndFont

%BeginFont
Handler:DirectoryHandler
FontType:Invalid
OutlineFileName:H:\__SOFT_ARCHIV\__Fonts\__FOnt_Packages\Adobe Font Folio Fonts\Frutiger Condensed\XYSC____.PFM
%EndFont

%BeginFont
Handler:DirectoryHandler
FontType:Invalid
OutlineFileName:H:\__SOFT_ARCHIV\__Fonts\__FOnt_Packages\Adobe Font Folio Fonts\Frutiger Condensed\XYTTI___.PFM
%EndFont

%BeginFont
Handler:DirectoryHandler
FontType:Invalid
OutlineFileName:H:\__SOFT_ARCHIV\__Fonts\__FOnt_Packages\Adobe Font Folio Fonts\Frutiger Condensed\XYTTL___.PFM
%EndFont

